2026-01-11 01:48:58 - numexpr.utils - INFO - NumExpr defaulting to 8 threads.
